// Jest Snapshot v1, https://goo.gl/fbAQLP

exports[`AddCondition renders properly 1`] = `
<Fragment>
  <withRouter(Connect(NOWActionWrapper))
    permission="role_edit_permits"
    tab="DFT"
  >
    <Dropdown
      className="full-height"
      mouseEnterDelay={0.15}
      mouseLeaveDelay={0.1}
      placement="bottomLeft"
    >
      <AddButton
        type="secondary"
      >
        Create
      </AddButton>
    </Dropdown>
  </withRouter(Connect(NOWActionWrapper))>
</Fragment>
`;
