// Jest Snapshot v1, https://goo.gl/fbAQLP

exports[`RenderCheckbox renders properly 1`] = `
ShallowWrapper {
  Symbol(enzyme.__root__): [Circular],
  Symbol(enzyme.__unrendered__): <RenderCheckbox
    id={1}
    input=""
    label=""
    meta={
      Object {
        "error": false,
        "touched": false,
      }
    }
  />,
  Symbol(enzyme.__renderer__): Object {
    "batchedUpdates": [Function],
    "getNode": [Function],
    "render": [Function],
    "simulateError": [Function],
    "simulateEvent": [Function],
    "unmount": [Function],
  },
  Symbol(enzyme.__node__): Object {
    "instance": null,
    "key": undefined,
    "nodeType": "class",
    "props": Object {
      "children": <Checkbox
        checked={undefined}
        id={1}
        indeterminate={false}
        prefixCls="ant-checkbox"
      >
        
      </Checkbox>,
      "colon": true,
      "hasFeedback": false,
      "prefixCls": "ant-form",
      "validateStatus": "",
    },
    "ref": null,
    "rendered": Object {
      "instance": null,
      "key": undefined,
      "nodeType": "class",
      "props": Object {
        "checked": undefined,
        "children": "",
        "id": 1,
        "indeterminate": false,
        "prefixCls": "ant-checkbox",
      },
      "ref": null,
      "rendered": "",
      "type": [Function],
    },
    "type": [Function],
  },
  Symbol(enzyme.__nodes__): Array [
    Object {
      "instance": null,
      "key": undefined,
      "nodeType": "class",
      "props": Object {
        "children": <Checkbox
          checked={undefined}
          id={1}
          indeterminate={false}
          prefixCls="ant-checkbox"
        >
          
        </Checkbox>,
        "colon": true,
        "hasFeedback": false,
        "prefixCls": "ant-form",
        "validateStatus": "",
      },
      "ref": null,
      "rendered": Object {
        "instance": null,
        "key": undefined,
        "nodeType": "class",
        "props": Object {
          "checked": undefined,
          "children": "",
          "id": 1,
          "indeterminate": false,
          "prefixCls": "ant-checkbox",
        },
        "ref": null,
        "rendered": "",
        "type": [Function],
      },
      "type": [Function],
    },
  ],
  Symbol(enzyme.__options__): Object {
    "adapter": ReactSixteenAdapter {
      "options": Object {
        "enableComponentDidUpdateOnSetState": true,
        "lifecycles": Object {
          "componentDidUpdate": Object {
            "onSetState": true,
          },
          "getDerivedStateFromProps": true,
          "getSnapshotBeforeUpdate": true,
          "setState": Object {
            "skipsComponentDidUpdateOnNullish": true,
          },
        },
      },
    },
    "attachTo": undefined,
    "hydrateIn": undefined,
  },
}
`;
