// Jest Snapshot v1, https://goo.gl/fbAQLP

exports[`ReviewActivities renders properly 1`] = `
<div>
  <withRouter(ScrollContentWrapper)
    id="access-roads"
    title="Access Roads, Trails, Helipads, Air Strips, Boat Ramps"
  >
    <FormSection
      name="exploration_access"
    >
      <Connect(AccessRoads)
        addRecord={[Function]}
        editRecord={[Function]}
        isViewMode={true}
        removeRecord={[Function]}
      />
    </FormSection>
  </withRouter(ScrollContentWrapper)>
  <withRouter(ScrollContentWrapper)
    id="blasting"
    title="Blasting"
  >
    <FormSection
      name="blasting_operation"
    >
      <Blasting
        isViewMode={true}
      />
    </FormSection>
  </withRouter(ScrollContentWrapper)>
  <withRouter(ScrollContentWrapper)
    id="camps"
    title="Camps, Buildings, Staging Areas, Fuel/Lubricant Storage"
  >
    <FormSection
      name="camps"
    >
      <Connect(Camps)
        addRecord={[Function]}
        editRecord={[Function]}
        isViewMode={true}
        removeRecord={[Function]}
      />
    </FormSection>
  </withRouter(ScrollContentWrapper)>
  <withRouter(ScrollContentWrapper)
    id="cut-lines-polarization-survey"
    title="Cut Lines and Induced Polarization Survey"
  >
    <FormSection
      name="cut_lines_polarization_survey"
    >
      <Connect(CutLines)
        addRecord={[Function]}
        editRecord={[Function]}
        isViewMode={true}
        removeRecord={[Function]}
      />
    </FormSection>
  </withRouter(ScrollContentWrapper)>
  <withRouter(ScrollContentWrapper)
    id="surface-drilling"
    title="Exploration Surface Drilling"
  >
    <FormSection
      name="exploration_surface_drilling"
    >
      <Connect(SurfaceDrilling)
        addRecord={[Function]}
        editRecord={[Function]}
        isViewMode={true}
        removeRecord={[Function]}
      />
    </FormSection>
  </withRouter(ScrollContentWrapper)>
  <withRouter(ScrollContentWrapper)
    id="mechanical-trenching"
    title="Mechanical Trenching / Test Pits"
  >
    <FormSection
      name="mechanical_trenching"
    >
      <Connect(MechanicalTrenching)
        addRecord={[Function]}
        editRecord={[Function]}
        isViewMode={true}
        removeRecord={[Function]}
      />
    </FormSection>
  </withRouter(ScrollContentWrapper)>
  <withRouter(ScrollContentWrapper)
    id="settling-ponds"
    title="Settling Ponds"
  >
    <FormSection
      name="settling_pond"
    >
      <Connect(SettlingPonds)
        addRecord={[Function]}
        editRecord={[Function]}
        isViewMode={true}
        removeRecord={[Function]}
      />
    </FormSection>
  </withRouter(ScrollContentWrapper)>
  <withRouter(ScrollContentWrapper)
    id="surface-bulk-samples"
    title="Surface Bulk Sample"
  >
    <FormSection
      name="surface_bulk_sample"
    >
      <Connect(SurfaceBulkSamples)
        addRecord={[Function]}
        editRecord={[Function]}
        isViewMode={true}
        removeRecord={[Function]}
      />
    </FormSection>
  </withRouter(ScrollContentWrapper)>
  <withRouter(ScrollContentWrapper)
    id="underground-exploration"
    title="Underground Exploration"
  >
    <FormSection
      name="underground_exploration"
    >
      <Connect(UndergroundExploration)
        addRecord={[Function]}
        editRecord={[Function]}
        isViewMode={true}
        removeRecord={[Function]}
      />
    </FormSection>
  </withRouter(ScrollContentWrapper)>
  <withRouter(ScrollContentWrapper)
    id="sand-gravel-quarry-operations"
    title="Sand and Gravel / Quary Operations"
  >
    <FormSection
      name="sand_and_gravel"
    >
      <Connect(SandGravelQuarry)
        addRecord={[Function]}
        editRecord={[Function]}
        isViewMode={true}
        removeRecord={[Function]}
      />
    </FormSection>
  </withRouter(ScrollContentWrapper)>
  <withRouter(ScrollContentWrapper)
    id="placer-operations"
    title="Placer Operations"
  >
    <FormSection
      name="placer_operation"
    >
      <Connect(Placer)
        addRecord={[Function]}
        editRecord={[Function]}
        isViewMode={true}
        removeRecord={[Function]}
      />
    </FormSection>
  </withRouter(ScrollContentWrapper)>
  <withRouter(ScrollContentWrapper)
    id="water-supply"
    title="Water Supply"
  >
    <FormSection
      name="water_supply"
    >
      <Connect(WaterSupply)
        addRecord={[Function]}
        editRecord={[Function]}
        isViewMode={true}
        removeRecord={[Function]}
      />
    </FormSection>
  </withRouter(ScrollContentWrapper)>
</div>
`;
