// Jest Snapshot v1, https://goo.gl/fbAQLP

exports[`AdminDashboardRoutes  renders properly 1`] = `
<Switch>
  <Route
    component={
      Object {
        "$$typeof": Symbol(react.memo),
        "WrappedComponent": [Function],
        "compare": null,
        "displayName": "Connect(authorizationGuard)",
        "type": [Function],
      }
    }
    exact={true}
    path="/admin/dashboard/permit-conditions/:type"
  />
  <Route
    component={
      Object {
        "$$typeof": Symbol(react.memo),
        "WrappedComponent": [Function],
        "compare": null,
        "displayName": "Connect(Connect(authorizationGuard))",
        "type": [Function],
      }
    }
    exact={true}
    path="/admin/dashboard/manage-minespace/users"
  />
  <Route
    component={
      Object {
        "$$typeof": Symbol(react.memo),
        "WrappedComponent": [Function],
        "compare": null,
        "displayName": "Connect(Connect(authorizationGuard))",
        "type": [Function],
      }
    }
    exact={true}
    path="/admin/dashboard/mine-verification/:type"
  />
  <Route
    component={[Function]}
  />
</Switch>
`;
