// Jest Snapshot v1, https://goo.gl/fbAQLP

exports[`Reports renders properly 1`] = `
<Row
  gutter={0}
>
  <Col>
    <Row
      gutter={0}
    >
      <Col>
        <Title
          level={4}
        >
          Reports
        </Title>
        <Paragraph>
          This table shows 
          <Text
            className="color-primary"
            strong={true}
          >
            reports
          </Text>
           that have been submitted to the Ministry. If a report is listed but there are no files attached, it means the report has not been submitted. This table may not show all reports that your mine is required to submit to the Ministry. If you have any questions, please check with an EMPR representative.
        </Paragraph>
        <br />
      </Col>
    </Row>
    <Row
      gutter={
        Array [
          16,
          32,
        ]
      }
    >
      <Col>
        <Connect(AuthorizationWrapper)>
          <Button
            block={false}
            ghost={false}
            htmlType="button"
            loading={false}
            onClick={[Function]}
            style={
              Object {
                "float": "right",
              }
            }
            type="primary"
          >
            <Icon
              theme="filled"
              type="plus-circle"
            />
            Submit Report
          </Button>
        </Connect(AuthorizationWrapper)>
      </Col>
    </Row>
    <Row
      gutter={
        Array [
          16,
          32,
        ]
      }
    >
      <Col>
        <ReportsTable
          isLoaded={false}
          openEditReportModal={[Function]}
        />
      </Col>
    </Row>
  </Col>
</Row>
`;
