// Jest Snapshot v1, https://goo.gl/fbAQLP

exports[`AdminDashboard renders properly 1`] = `
ShallowWrapper {
  Symbol(enzyme.__root__): [Circular],
  Symbol(enzyme.__unrendered__): <AdminDashboard />,
  Symbol(enzyme.__renderer__): Object {
    "batchedUpdates": [Function],
    "getNode": [Function],
    "render": [Function],
    "simulateError": [Function],
    "simulateEvent": [Function],
    "unmount": [Function],
  },
  Symbol(enzyme.__node__): Object {
    "instance": null,
    "key": undefined,
    "nodeType": "host",
    "props": Object {
      "children": Array [
        <div
          className="landing-page__header"
        >
          <h1>
            Admin View
          </h1>
        </div>,
        <div
          className="landing-page__content"
        >
          <div
            className="tab__content"
          >
            <h2>
              Pull Mine Manager History
            </h2>
            <Input
              disabled={false}
              onChange={[Function]}
              placeholder="Enter a Mine Number"
              prefixCls="ant-input"
              style={
                Object {
                  "max-width": "300px",
                  "width": "50%",
                }
              }
              type="text"
              value=""
            />
            <Button
              block={false}
              ghost={false}
              loading={false}
              onClick={[Function]}
              prefixCls="ant-btn"
            >
              Download History
            </Button>
          </div>
          <div
            className="tab__content"
          >
            <Connect(MinespaceUserManagement) />
          </div>
        </div>,
      ],
      "className": "landing-page",
    },
    "ref": null,
    "rendered": Array [
      Object {
        "instance": null,
        "key": undefined,
        "nodeType": "host",
        "props": Object {
          "children": <h1>
            Admin View
          </h1>,
          "className": "landing-page__header",
        },
        "ref": null,
        "rendered": Object {
          "instance": null,
          "key": undefined,
          "nodeType": "host",
          "props": Object {
            "children": "Admin View",
          },
          "ref": null,
          "rendered": "Admin View",
          "type": "h1",
        },
        "type": "div",
      },
      Object {
        "instance": null,
        "key": undefined,
        "nodeType": "host",
        "props": Object {
          "children": Array [
            <div
              className="tab__content"
            >
              <h2>
                Pull Mine Manager History
              </h2>
              <Input
                disabled={false}
                onChange={[Function]}
                placeholder="Enter a Mine Number"
                prefixCls="ant-input"
                style={
                  Object {
                    "max-width": "300px",
                    "width": "50%",
                  }
                }
                type="text"
                value=""
              />
              <Button
                block={false}
                ghost={false}
                loading={false}
                onClick={[Function]}
                prefixCls="ant-btn"
              >
                Download History
              </Button>
            </div>,
            <div
              className="tab__content"
            >
              <Connect(MinespaceUserManagement) />
            </div>,
          ],
          "className": "landing-page__content",
        },
        "ref": null,
        "rendered": Array [
          Object {
            "instance": null,
            "key": undefined,
            "nodeType": "host",
            "props": Object {
              "children": Array [
                <h2>
                  Pull Mine Manager History
                </h2>,
                <Input
                  disabled={false}
                  onChange={[Function]}
                  placeholder="Enter a Mine Number"
                  prefixCls="ant-input"
                  style={
                    Object {
                      "max-width": "300px",
                      "width": "50%",
                    }
                  }
                  type="text"
                  value=""
                />,
                <Button
                  block={false}
                  ghost={false}
                  loading={false}
                  onClick={[Function]}
                  prefixCls="ant-btn"
                >
                  Download History
                </Button>,
              ],
              "className": "tab__content",
            },
            "ref": null,
            "rendered": Array [
              Object {
                "instance": null,
                "key": undefined,
                "nodeType": "host",
                "props": Object {
                  "children": "Pull Mine Manager History",
                },
                "ref": null,
                "rendered": "Pull Mine Manager History",
                "type": "h2",
              },
              Object {
                "instance": null,
                "key": undefined,
                "nodeType": "class",
                "props": Object {
                  "disabled": false,
                  "onChange": [Function],
                  "placeholder": "Enter a Mine Number",
                  "prefixCls": "ant-input",
                  "style": Object {
                    "max-width": "300px",
                    "width": "50%",
                  },
                  "type": "text",
                  "value": "",
                },
                "ref": null,
                "rendered": null,
                "type": [Function],
              },
              Object {
                "instance": null,
                "key": undefined,
                "nodeType": "class",
                "props": Object {
                  "block": false,
                  "children": "Download History",
                  "ghost": false,
                  "loading": false,
                  "onClick": [Function],
                  "prefixCls": "ant-btn",
                },
                "ref": null,
                "rendered": "Download History",
                "type": [Function],
              },
            ],
            "type": "div",
          },
          Object {
            "instance": null,
            "key": undefined,
            "nodeType": "host",
            "props": Object {
              "children": <Connect(MinespaceUserManagement) />,
              "className": "tab__content",
            },
            "ref": null,
            "rendered": Object {
              "instance": null,
              "key": undefined,
              "nodeType": "class",
              "props": Object {},
              "ref": null,
              "rendered": null,
              "type": [Function],
            },
            "type": "div",
          },
        ],
        "type": "div",
      },
    ],
    "type": "div",
  },
  Symbol(enzyme.__nodes__): Array [
    Object {
      "instance": null,
      "key": undefined,
      "nodeType": "host",
      "props": Object {
        "children": Array [
          <div
            className="landing-page__header"
          >
            <h1>
              Admin View
            </h1>
          </div>,
          <div
            className="landing-page__content"
          >
            <div
              className="tab__content"
            >
              <h2>
                Pull Mine Manager History
              </h2>
              <Input
                disabled={false}
                onChange={[Function]}
                placeholder="Enter a Mine Number"
                prefixCls="ant-input"
                style={
                  Object {
                    "max-width": "300px",
                    "width": "50%",
                  }
                }
                type="text"
                value=""
              />
              <Button
                block={false}
                ghost={false}
                loading={false}
                onClick={[Function]}
                prefixCls="ant-btn"
              >
                Download History
              </Button>
            </div>
            <div
              className="tab__content"
            >
              <Connect(MinespaceUserManagement) />
            </div>
          </div>,
        ],
        "className": "landing-page",
      },
      "ref": null,
      "rendered": Array [
        Object {
          "instance": null,
          "key": undefined,
          "nodeType": "host",
          "props": Object {
            "children": <h1>
              Admin View
            </h1>,
            "className": "landing-page__header",
          },
          "ref": null,
          "rendered": Object {
            "instance": null,
            "key": undefined,
            "nodeType": "host",
            "props": Object {
              "children": "Admin View",
            },
            "ref": null,
            "rendered": "Admin View",
            "type": "h1",
          },
          "type": "div",
        },
        Object {
          "instance": null,
          "key": undefined,
          "nodeType": "host",
          "props": Object {
            "children": Array [
              <div
                className="tab__content"
              >
                <h2>
                  Pull Mine Manager History
                </h2>
                <Input
                  disabled={false}
                  onChange={[Function]}
                  placeholder="Enter a Mine Number"
                  prefixCls="ant-input"
                  style={
                    Object {
                      "max-width": "300px",
                      "width": "50%",
                    }
                  }
                  type="text"
                  value=""
                />
                <Button
                  block={false}
                  ghost={false}
                  loading={false}
                  onClick={[Function]}
                  prefixCls="ant-btn"
                >
                  Download History
                </Button>
              </div>,
              <div
                className="tab__content"
              >
                <Connect(MinespaceUserManagement) />
              </div>,
            ],
            "className": "landing-page__content",
          },
          "ref": null,
          "rendered": Array [
            Object {
              "instance": null,
              "key": undefined,
              "nodeType": "host",
              "props": Object {
                "children": Array [
                  <h2>
                    Pull Mine Manager History
                  </h2>,
                  <Input
                    disabled={false}
                    onChange={[Function]}
                    placeholder="Enter a Mine Number"
                    prefixCls="ant-input"
                    style={
                      Object {
                        "max-width": "300px",
                        "width": "50%",
                      }
                    }
                    type="text"
                    value=""
                  />,
                  <Button
                    block={false}
                    ghost={false}
                    loading={false}
                    onClick={[Function]}
                    prefixCls="ant-btn"
                  >
                    Download History
                  </Button>,
                ],
                "className": "tab__content",
              },
              "ref": null,
              "rendered": Array [
                Object {
                  "instance": null,
                  "key": undefined,
                  "nodeType": "host",
                  "props": Object {
                    "children": "Pull Mine Manager History",
                  },
                  "ref": null,
                  "rendered": "Pull Mine Manager History",
                  "type": "h2",
                },
                Object {
                  "instance": null,
                  "key": undefined,
                  "nodeType": "class",
                  "props": Object {
                    "disabled": false,
                    "onChange": [Function],
                    "placeholder": "Enter a Mine Number",
                    "prefixCls": "ant-input",
                    "style": Object {
                      "max-width": "300px",
                      "width": "50%",
                    },
                    "type": "text",
                    "value": "",
                  },
                  "ref": null,
                  "rendered": null,
                  "type": [Function],
                },
                Object {
                  "instance": null,
                  "key": undefined,
                  "nodeType": "class",
                  "props": Object {
                    "block": false,
                    "children": "Download History",
                    "ghost": false,
                    "loading": false,
                    "onClick": [Function],
                    "prefixCls": "ant-btn",
                  },
                  "ref": null,
                  "rendered": "Download History",
                  "type": [Function],
                },
              ],
              "type": "div",
            },
            Object {
              "instance": null,
              "key": undefined,
              "nodeType": "host",
              "props": Object {
                "children": <Connect(MinespaceUserManagement) />,
                "className": "tab__content",
              },
              "ref": null,
              "rendered": Object {
                "instance": null,
                "key": undefined,
                "nodeType": "class",
                "props": Object {},
                "ref": null,
                "rendered": null,
                "type": [Function],
              },
              "type": "div",
            },
          ],
          "type": "div",
        },
      ],
      "type": "div",
    },
  ],
  Symbol(enzyme.__options__): Object {
    "adapter": ReactSixteenAdapter {
      "options": Object {
        "enableComponentDidUpdateOnSetState": true,
        "lifecycles": Object {
          "componentDidUpdate": Object {
            "onSetState": true,
          },
          "getDerivedStateFromProps": true,
          "getSnapshotBeforeUpdate": true,
          "setState": Object {
            "skipsComponentDidUpdateOnNullish": true,
          },
        },
      },
    },
    "attachTo": undefined,
    "hydrateIn": undefined,
  },
}
`;
