// Jest Snapshot v1, https://goo.gl/fbAQLP

exports[`MineHeader renders properly 1`] = `
ShallowWrapper {
  Symbol(enzyme.__root__): [Circular],
  Symbol(enzyme.__unrendered__): <MineHeader
    mine={
      Object {
        "guid": "18133c75-49ad-4101-85f3-a43e35ae989a",
        "mgr_appointment": Array [],
        "mine_detail": Array [
          Object {
            "mine_name": "mine1",
            "mine_no": "BLAH9091",
          },
          Object {
            "mine_name": "mine3",
            "mine_no": "BLAH9091",
          },
        ],
        "mine_location": Array [
          Object {
            "latitude": null,
            "longitude": null,
          },
        ],
        "mineral_tenure_xref": Array [
          Object {
            "tenure_number_id": "1234567",
          },
        ],
      }
    }
  />,
  Symbol(enzyme.__renderer__): Object {
    "batchedUpdates": [Function],
    "getNode": [Function],
    "render": [Function],
    "simulateEvent": [Function],
    "unmount": [Function],
  },
  Symbol(enzyme.__node__): Object {
    "instance": null,
    "key": undefined,
    "nodeType": "host",
    "props": Object {
      "children": Array [
        <MineMap
          mine={
            Object {
              "guid": "18133c75-49ad-4101-85f3-a43e35ae989a",
              "mgr_appointment": Array [],
              "mine_detail": Array [
                Object {
                  "mine_name": "mine1",
                  "mine_no": "BLAH9091",
                },
                Object {
                  "mine_name": "mine3",
                  "mine_no": "BLAH9091",
                },
              ],
              "mine_location": Array [
                Object {
                  "latitude": null,
                  "longitude": null,
                },
              ],
              "mineral_tenure_xref": Array [
                Object {
                  "tenure_number_id": "1234567",
                },
              ],
            }
          }
        />,
        <div
          className="dashboard__header__content"
        >
          <h1>
            mine1
          </h1>
          <h5>
            Mine ID: 
            BLAH9091
             
          </h5>
          <div
            className="dashboard__header__content--inline"
          >
            <div
              className="inline-flex"
            >
              <img
                className="inline-flex--img"
                src={
                  Object {
                    "process": [Function],
                  }
                }
              />
              <div>
                <p>
                  Lat:
                </p>
              </div>
              <div>
                <p>
                  Long:
                </p>
              </div>
            </div>
            <div
              className="inline-flex"
            >
              <img
                src={
                  Object {
                    "process": [Function],
                  }
                }
              />
              <div>
                <h5>
                  Status: 
                </h5>
              </div>
              <div>
                <h3>
                  Active
                </h3>
              </div>
            </div>
          </div>
        </div>,
      ],
      "className": "dashboard__header",
    },
    "ref": null,
    "rendered": Array [
      Object {
        "instance": null,
        "key": undefined,
        "nodeType": "class",
        "props": Object {
          "mine": Object {
            "guid": "18133c75-49ad-4101-85f3-a43e35ae989a",
            "mgr_appointment": Array [],
            "mine_detail": Array [
              Object {
                "mine_name": "mine1",
                "mine_no": "BLAH9091",
              },
              Object {
                "mine_name": "mine3",
                "mine_no": "BLAH9091",
              },
            ],
            "mine_location": Array [
              Object {
                "latitude": null,
                "longitude": null,
              },
            ],
            "mineral_tenure_xref": Array [
              Object {
                "tenure_number_id": "1234567",
              },
            ],
          },
        },
        "ref": null,
        "rendered": null,
        "type": [Function],
      },
      Object {
        "instance": null,
        "key": undefined,
        "nodeType": "host",
        "props": Object {
          "children": Array [
            <h1>
              mine1
            </h1>,
            <h5>
              Mine ID: 
              BLAH9091
               
            </h5>,
            <div
              className="dashboard__header__content--inline"
            >
              <div
                className="inline-flex"
              >
                <img
                  className="inline-flex--img"
                  src={
                    Object {
                      "process": [Function],
                    }
                  }
                />
                <div>
                  <p>
                    Lat:
                  </p>
                </div>
                <div>
                  <p>
                    Long:
                  </p>
                </div>
              </div>
              <div
                className="inline-flex"
              >
                <img
                  src={
                    Object {
                      "process": [Function],
                    }
                  }
                />
                <div>
                  <h5>
                    Status: 
                  </h5>
                </div>
                <div>
                  <h3>
                    Active
                  </h3>
                </div>
              </div>
            </div>,
          ],
          "className": "dashboard__header__content",
        },
        "ref": null,
        "rendered": Array [
          Object {
            "instance": null,
            "key": undefined,
            "nodeType": "host",
            "props": Object {
              "children": "mine1",
            },
            "ref": null,
            "rendered": "mine1",
            "type": "h1",
          },
          Object {
            "instance": null,
            "key": undefined,
            "nodeType": "host",
            "props": Object {
              "children": Array [
                "Mine ID: ",
                "BLAH9091",
                " ",
              ],
            },
            "ref": null,
            "rendered": Array [
              "Mine ID: ",
              "BLAH9091",
              " ",
            ],
            "type": "h5",
          },
          Object {
            "instance": null,
            "key": undefined,
            "nodeType": "host",
            "props": Object {
              "children": Array [
                <div
                  className="inline-flex"
                >
                  <img
                    className="inline-flex--img"
                    src={
                      Object {
                        "process": [Function],
                      }
                    }
                  />
                  <div>
                    <p>
                      Lat:
                    </p>
                  </div>
                  <div>
                    <p>
                      Long:
                    </p>
                  </div>
                </div>,
                <div
                  className="inline-flex"
                >
                  <img
                    src={
                      Object {
                        "process": [Function],
                      }
                    }
                  />
                  <div>
                    <h5>
                      Status: 
                    </h5>
                  </div>
                  <div>
                    <h3>
                      Active
                    </h3>
                  </div>
                </div>,
              ],
              "className": "dashboard__header__content--inline",
            },
            "ref": null,
            "rendered": Array [
              Object {
                "instance": null,
                "key": undefined,
                "nodeType": "host",
                "props": Object {
                  "children": Array [
                    <img
                      className="inline-flex--img"
                      src={
                        Object {
                          "process": [Function],
                        }
                      }
                    />,
                    <div>
                      <p>
                        Lat:
                      </p>
                    </div>,
                    <div>
                      <p>
                        Long:
                      </p>
                    </div>,
                  ],
                  "className": "inline-flex",
                },
                "ref": null,
                "rendered": Array [
                  Object {
                    "instance": null,
                    "key": undefined,
                    "nodeType": "host",
                    "props": Object {
                      "className": "inline-flex--img",
                      "src": Object {
                        "process": [Function],
                      },
                    },
                    "ref": null,
                    "rendered": null,
                    "type": "img",
                  },
                  Object {
                    "instance": null,
                    "key": undefined,
                    "nodeType": "host",
                    "props": Object {
                      "children": <p>
                        Lat:
                      </p>,
                    },
                    "ref": null,
                    "rendered": Object {
                      "instance": null,
                      "key": undefined,
                      "nodeType": "host",
                      "props": Object {
                        "children": Array [
                          "Lat:",
                          null,
                        ],
                      },
                      "ref": null,
                      "rendered": Array [
                        "Lat:",
                        null,
                      ],
                      "type": "p",
                    },
                    "type": "div",
                  },
                  Object {
                    "instance": null,
                    "key": undefined,
                    "nodeType": "host",
                    "props": Object {
                      "children": <p>
                        Long:
                      </p>,
                    },
                    "ref": null,
                    "rendered": Object {
                      "instance": null,
                      "key": undefined,
                      "nodeType": "host",
                      "props": Object {
                        "children": Array [
                          "Long:",
                          null,
                        ],
                      },
                      "ref": null,
                      "rendered": Array [
                        "Long:",
                        null,
                      ],
                      "type": "p",
                    },
                    "type": "div",
                  },
                ],
                "type": "div",
              },
              Object {
                "instance": null,
                "key": undefined,
                "nodeType": "host",
                "props": Object {
                  "children": Array [
                    <img
                      src={
                        Object {
                          "process": [Function],
                        }
                      }
                    />,
                    <div>
                      <h5>
                        Status: 
                      </h5>
                    </div>,
                    <div>
                      <h3>
                        Active
                      </h3>
                    </div>,
                  ],
                  "className": "inline-flex",
                },
                "ref": null,
                "rendered": Array [
                  Object {
                    "instance": null,
                    "key": undefined,
                    "nodeType": "host",
                    "props": Object {
                      "src": Object {
                        "process": [Function],
                      },
                    },
                    "ref": null,
                    "rendered": null,
                    "type": "img",
                  },
                  Object {
                    "instance": null,
                    "key": undefined,
                    "nodeType": "host",
                    "props": Object {
                      "children": <h5>
                        Status: 
                      </h5>,
                    },
                    "ref": null,
                    "rendered": Object {
                      "instance": null,
                      "key": undefined,
                      "nodeType": "host",
                      "props": Object {
                        "children": "Status: ",
                      },
                      "ref": null,
                      "rendered": "Status: ",
                      "type": "h5",
                    },
                    "type": "div",
                  },
                  Object {
                    "instance": null,
                    "key": undefined,
                    "nodeType": "host",
                    "props": Object {
                      "children": <h3>
                        Active
                      </h3>,
                    },
                    "ref": null,
                    "rendered": Object {
                      "instance": null,
                      "key": undefined,
                      "nodeType": "host",
                      "props": Object {
                        "children": "Active",
                      },
                      "ref": null,
                      "rendered": "Active",
                      "type": "h3",
                    },
                    "type": "div",
                  },
                ],
                "type": "div",
              },
            ],
            "type": "div",
          },
        ],
        "type": "div",
      },
    ],
    "type": "div",
  },
  Symbol(enzyme.__nodes__): Array [
    Object {
      "instance": null,
      "key": undefined,
      "nodeType": "host",
      "props": Object {
        "children": Array [
          <MineMap
            mine={
              Object {
                "guid": "18133c75-49ad-4101-85f3-a43e35ae989a",
                "mgr_appointment": Array [],
                "mine_detail": Array [
                  Object {
                    "mine_name": "mine1",
                    "mine_no": "BLAH9091",
                  },
                  Object {
                    "mine_name": "mine3",
                    "mine_no": "BLAH9091",
                  },
                ],
                "mine_location": Array [
                  Object {
                    "latitude": null,
                    "longitude": null,
                  },
                ],
                "mineral_tenure_xref": Array [
                  Object {
                    "tenure_number_id": "1234567",
                  },
                ],
              }
            }
          />,
          <div
            className="dashboard__header__content"
          >
            <h1>
              mine1
            </h1>
            <h5>
              Mine ID: 
              BLAH9091
               
            </h5>
            <div
              className="dashboard__header__content--inline"
            >
              <div
                className="inline-flex"
              >
                <img
                  className="inline-flex--img"
                  src={
                    Object {
                      "process": [Function],
                    }
                  }
                />
                <div>
                  <p>
                    Lat:
                  </p>
                </div>
                <div>
                  <p>
                    Long:
                  </p>
                </div>
              </div>
              <div
                className="inline-flex"
              >
                <img
                  src={
                    Object {
                      "process": [Function],
                    }
                  }
                />
                <div>
                  <h5>
                    Status: 
                  </h5>
                </div>
                <div>
                  <h3>
                    Active
                  </h3>
                </div>
              </div>
            </div>
          </div>,
        ],
        "className": "dashboard__header",
      },
      "ref": null,
      "rendered": Array [
        Object {
          "instance": null,
          "key": undefined,
          "nodeType": "class",
          "props": Object {
            "mine": Object {
              "guid": "18133c75-49ad-4101-85f3-a43e35ae989a",
              "mgr_appointment": Array [],
              "mine_detail": Array [
                Object {
                  "mine_name": "mine1",
                  "mine_no": "BLAH9091",
                },
                Object {
                  "mine_name": "mine3",
                  "mine_no": "BLAH9091",
                },
              ],
              "mine_location": Array [
                Object {
                  "latitude": null,
                  "longitude": null,
                },
              ],
              "mineral_tenure_xref": Array [
                Object {
                  "tenure_number_id": "1234567",
                },
              ],
            },
          },
          "ref": null,
          "rendered": null,
          "type": [Function],
        },
        Object {
          "instance": null,
          "key": undefined,
          "nodeType": "host",
          "props": Object {
            "children": Array [
              <h1>
                mine1
              </h1>,
              <h5>
                Mine ID: 
                BLAH9091
                 
              </h5>,
              <div
                className="dashboard__header__content--inline"
              >
                <div
                  className="inline-flex"
                >
                  <img
                    className="inline-flex--img"
                    src={
                      Object {
                        "process": [Function],
                      }
                    }
                  />
                  <div>
                    <p>
                      Lat:
                    </p>
                  </div>
                  <div>
                    <p>
                      Long:
                    </p>
                  </div>
                </div>
                <div
                  className="inline-flex"
                >
                  <img
                    src={
                      Object {
                        "process": [Function],
                      }
                    }
                  />
                  <div>
                    <h5>
                      Status: 
                    </h5>
                  </div>
                  <div>
                    <h3>
                      Active
                    </h3>
                  </div>
                </div>
              </div>,
            ],
            "className": "dashboard__header__content",
          },
          "ref": null,
          "rendered": Array [
            Object {
              "instance": null,
              "key": undefined,
              "nodeType": "host",
              "props": Object {
                "children": "mine1",
              },
              "ref": null,
              "rendered": "mine1",
              "type": "h1",
            },
            Object {
              "instance": null,
              "key": undefined,
              "nodeType": "host",
              "props": Object {
                "children": Array [
                  "Mine ID: ",
                  "BLAH9091",
                  " ",
                ],
              },
              "ref": null,
              "rendered": Array [
                "Mine ID: ",
                "BLAH9091",
                " ",
              ],
              "type": "h5",
            },
            Object {
              "instance": null,
              "key": undefined,
              "nodeType": "host",
              "props": Object {
                "children": Array [
                  <div
                    className="inline-flex"
                  >
                    <img
                      className="inline-flex--img"
                      src={
                        Object {
                          "process": [Function],
                        }
                      }
                    />
                    <div>
                      <p>
                        Lat:
                      </p>
                    </div>
                    <div>
                      <p>
                        Long:
                      </p>
                    </div>
                  </div>,
                  <div
                    className="inline-flex"
                  >
                    <img
                      src={
                        Object {
                          "process": [Function],
                        }
                      }
                    />
                    <div>
                      <h5>
                        Status: 
                      </h5>
                    </div>
                    <div>
                      <h3>
                        Active
                      </h3>
                    </div>
                  </div>,
                ],
                "className": "dashboard__header__content--inline",
              },
              "ref": null,
              "rendered": Array [
                Object {
                  "instance": null,
                  "key": undefined,
                  "nodeType": "host",
                  "props": Object {
                    "children": Array [
                      <img
                        className="inline-flex--img"
                        src={
                          Object {
                            "process": [Function],
                          }
                        }
                      />,
                      <div>
                        <p>
                          Lat:
                        </p>
                      </div>,
                      <div>
                        <p>
                          Long:
                        </p>
                      </div>,
                    ],
                    "className": "inline-flex",
                  },
                  "ref": null,
                  "rendered": Array [
                    Object {
                      "instance": null,
                      "key": undefined,
                      "nodeType": "host",
                      "props": Object {
                        "className": "inline-flex--img",
                        "src": Object {
                          "process": [Function],
                        },
                      },
                      "ref": null,
                      "rendered": null,
                      "type": "img",
                    },
                    Object {
                      "instance": null,
                      "key": undefined,
                      "nodeType": "host",
                      "props": Object {
                        "children": <p>
                          Lat:
                        </p>,
                      },
                      "ref": null,
                      "rendered": Object {
                        "instance": null,
                        "key": undefined,
                        "nodeType": "host",
                        "props": Object {
                          "children": Array [
                            "Lat:",
                            null,
                          ],
                        },
                        "ref": null,
                        "rendered": Array [
                          "Lat:",
                          null,
                        ],
                        "type": "p",
                      },
                      "type": "div",
                    },
                    Object {
                      "instance": null,
                      "key": undefined,
                      "nodeType": "host",
                      "props": Object {
                        "children": <p>
                          Long:
                        </p>,
                      },
                      "ref": null,
                      "rendered": Object {
                        "instance": null,
                        "key": undefined,
                        "nodeType": "host",
                        "props": Object {
                          "children": Array [
                            "Long:",
                            null,
                          ],
                        },
                        "ref": null,
                        "rendered": Array [
                          "Long:",
                          null,
                        ],
                        "type": "p",
                      },
                      "type": "div",
                    },
                  ],
                  "type": "div",
                },
                Object {
                  "instance": null,
                  "key": undefined,
                  "nodeType": "host",
                  "props": Object {
                    "children": Array [
                      <img
                        src={
                          Object {
                            "process": [Function],
                          }
                        }
                      />,
                      <div>
                        <h5>
                          Status: 
                        </h5>
                      </div>,
                      <div>
                        <h3>
                          Active
                        </h3>
                      </div>,
                    ],
                    "className": "inline-flex",
                  },
                  "ref": null,
                  "rendered": Array [
                    Object {
                      "instance": null,
                      "key": undefined,
                      "nodeType": "host",
                      "props": Object {
                        "src": Object {
                          "process": [Function],
                        },
                      },
                      "ref": null,
                      "rendered": null,
                      "type": "img",
                    },
                    Object {
                      "instance": null,
                      "key": undefined,
                      "nodeType": "host",
                      "props": Object {
                        "children": <h5>
                          Status: 
                        </h5>,
                      },
                      "ref": null,
                      "rendered": Object {
                        "instance": null,
                        "key": undefined,
                        "nodeType": "host",
                        "props": Object {
                          "children": "Status: ",
                        },
                        "ref": null,
                        "rendered": "Status: ",
                        "type": "h5",
                      },
                      "type": "div",
                    },
                    Object {
                      "instance": null,
                      "key": undefined,
                      "nodeType": "host",
                      "props": Object {
                        "children": <h3>
                          Active
                        </h3>,
                      },
                      "ref": null,
                      "rendered": Object {
                        "instance": null,
                        "key": undefined,
                        "nodeType": "host",
                        "props": Object {
                          "children": "Active",
                        },
                        "ref": null,
                        "rendered": "Active",
                        "type": "h3",
                      },
                      "type": "div",
                    },
                  ],
                  "type": "div",
                },
              ],
              "type": "div",
            },
          ],
          "type": "div",
        },
      ],
      "type": "div",
    },
  ],
  Symbol(enzyme.__options__): Object {
    "adapter": ReactSixteenAdapter {
      "options": Object {
        "enableComponentDidUpdateOnSetState": true,
        "lifecycles": Object {
          "componentDidUpdate": Object {
            "onSetState": true,
          },
          "getSnapshotBeforeUpdate": true,
        },
      },
    },
    "attachTo": undefined,
    "hydrateIn": undefined,
  },
}
`;
