// Jest Snapshot v1, https://goo.gl/fbAQLP

exports[`MineReportTable renders properly 1`] = `
<CoreTable
  columns={
    Array [
      Object {
        "className": "column-hide",
        "dataIndex": "mine_name",
        "key": "mine_name",
        "render": [Function],
        "sortField": "mine_name",
        "sortOrder": false,
        "sorter": false,
        "title": "Mine",
      },
      Object {
        "dataIndex": "report_name",
        "key": "report_name",
        "render": [Function],
        "sortField": "report_name",
        "sortOrder": false,
        "sorter": [Function],
        "title": "Report Name",
      },
      Object {
        "dataIndex": "submission_year",
        "key": "submission_year",
        "render": [Function],
        "sortField": "submission_year",
        "sortOrder": false,
        "sorter": [Function],
        "title": "Compliance Year",
      },
      Object {
        "dataIndex": "mine_report_status_code",
        "key": "mine_report_status_code",
        "render": [Function],
        "sortField": "mine_report_status_code",
        "sortOrder": false,
        "sorter": [Function],
        "title": "Status",
      },
      Object {
        "dataIndex": "due_date",
        "key": "due_date",
        "render": [Function],
        "sortField": "due_date",
        "sortOrder": false,
        "sorter": [Function],
        "title": "Due",
      },
      Object {
        "dataIndex": "received_date",
        "key": "received_date",
        "render": [Function],
        "sortField": "received_date",
        "sortOrder": false,
        "sorter": [Function],
        "title": "Received",
      },
      Object {
        "className": "",
        "dataIndex": "created_by_idir",
        "key": "created_by_idir",
        "render": [Function],
        "sortField": "created_by_idir",
        "sortOrder": false,
        "sorter": [Function],
        "title": "Requested By",
      },
      Object {
        "dataIndex": "documents",
        "key": "documents",
        "render": [Function],
        "sortOrder": false,
        "title": "Documents",
      },
      Object {
        "key": "operations",
        "render": [Function],
        "sortOrder": false,
      },
    ]
  }
  dataSource={
    Array [
      Object {
        "created_by_idir": "idir\\\\TEST",
        "documents": Array [
          Object {
            "document_manager_guid": "b660371a-d3fa-41ff-99ed-f9b86dff72f7",
            "document_name": "0101581201901_APPLICATION_FORM (3) (2) (1).pdf",
            "mine_document_guid": "98a9d9de-4feb-41a7-adda-842421462657",
            "mine_guid": "abed555d-7391-49e7-bc04-e2c6062432c6",
            "upload_date": "2020-01-29T20:50:51.439631+00:00",
          },
        ],
        "due_date": "Jan 02 2020",
        "handleEditReport": undefined,
        "handleRemoveReport": undefined,
        "key": "9f98a719-720a-40a5-ac5b-e91e8a526fad",
        "mine_guid": "aa3cb08a-ee1b-4dc9-8bf6-f54eb7484d4d",
        "mine_name": "Abbott Inc",
        "mine_report_category": ", Geotechnical",
        "mine_report_definition_guid": "baa01f9f-c9b2-485d-96f3-12a9c8fe637b",
        "mine_report_guid": "9f98a719-720a-40a5-ac5b-e91e8a526fad",
        "mine_report_id": 123,
        "mine_report_status_code": "Not Requested",
        "openEditReportModal": undefined,
        "permit_guid": "N/A",
        "received_date": "Jan 10 2020",
        "report": Object {
          "created_by_idir": "idir\\\\TEST",
          "due_date": "2020-01-02",
          "mine_guid": "aa3cb08a-ee1b-4dc9-8bf6-f54eb7484d4d",
          "mine_name": "Abbott Inc",
          "mine_report_category": Array [
            "GSC",
            "GTC",
          ],
          "mine_report_definition_guid": "baa01f9f-c9b2-485d-96f3-12a9c8fe637b",
          "mine_report_guid": "9f98a719-720a-40a5-ac5b-e91e8a526fad",
          "mine_report_id": 123,
          "mine_report_submissions": Array [
            Object {
              "comments": Array [],
              "documents": Array [
                Object {
                  "document_manager_guid": "b660371a-d3fa-41ff-99ed-f9b86dff72f7",
                  "document_name": "0101581201901_APPLICATION_FORM (3) (2) (1).pdf",
                  "mine_document_guid": "98a9d9de-4feb-41a7-adda-842421462657",
                  "mine_guid": "abed555d-7391-49e7-bc04-e2c6062432c6",
                  "upload_date": "2020-01-29T20:50:51.439631+00:00",
                },
              ],
              "mine_report_submission_guid": "fed32646-5db7-495a-acbb-b6b8ad333ee1",
              "mine_report_submission_status_code": "NRQ",
              "submission_date": "2020-01-29",
            },
          ],
          "permit_guid": null,
          "received_date": "2020-01-10",
          "report_name": "Underground Oil and Grease Storage Area Report",
          "submission_year": 2020,
        },
        "report_name": "Underground Oil and Grease Storage Area Report",
        "submission_year": 2020,
      },
      Object {
        "created_by_idir": "idir\\\\TEST",
        "documents": Array [
          Object {
            "document_manager_guid": "dde0b5bf-a14d-4272-8a65-467440b01294",
            "document_name": "0101581201901_APPLICATION_FORM (1) (1).pdf",
            "mine_document_guid": "3d4e420f-3f0a-4c54-ad07-e3aeb74cbe89",
            "mine_guid": "abed555d-7391-49e7-bc04-e2c6062432c6",
            "upload_date": "2020-01-29T20:51:53.466101+00:00",
          },
        ],
        "due_date": "Mar 31 2020",
        "handleEditReport": undefined,
        "handleRemoveReport": undefined,
        "key": "b59a166e-749e-4e6c-a232-d4c55f1f227c",
        "mine_guid": "aa3cb08a-ee1b-4dc9-8bf6-f54eb7484d4d",
        "mine_name": "Abbott Inc",
        "mine_report_category": "Geotechnical, Tailings Storage Facility",
        "mine_report_definition_guid": "5f4f4727-4ecd-4a04-8929-2e8a5e03996d",
        "mine_report_guid": "b59a166e-749e-4e6c-a232-d4c55f1f227c",
        "mine_report_id": 124,
        "mine_report_status_code": "Not Requested",
        "openEditReportModal": undefined,
        "permit_guid": "N/A",
        "received_date": "Jan 02 2020",
        "report": Object {
          "created_by_idir": "idir\\\\TEST",
          "due_date": "2020-03-31",
          "mine_guid": "aa3cb08a-ee1b-4dc9-8bf6-f54eb7484d4d",
          "mine_name": "Abbott Inc",
          "mine_report_category": Array [
            "GTC",
            "TSF",
          ],
          "mine_report_definition_guid": "5f4f4727-4ecd-4a04-8929-2e8a5e03996d",
          "mine_report_guid": "b59a166e-749e-4e6c-a232-d4c55f1f227c",
          "mine_report_id": 124,
          "mine_report_submissions": Array [
            Object {
              "comments": Array [],
              "documents": Array [
                Object {
                  "document_manager_guid": "dde0b5bf-a14d-4272-8a65-467440b01294",
                  "document_name": "0101581201901_APPLICATION_FORM (1) (1).pdf",
                  "mine_document_guid": "3d4e420f-3f0a-4c54-ad07-e3aeb74cbe89",
                  "mine_guid": "abed555d-7391-49e7-bc04-e2c6062432c6",
                  "upload_date": "2020-01-29T20:51:53.466101+00:00",
                },
              ],
              "mine_report_submission_guid": "d0149d1b-845d-4011-a731-3f951c7d8219",
              "mine_report_submission_status_code": "NRQ",
              "submission_date": "2020-01-29",
            },
          ],
          "permit_guid": null,
          "received_date": "2020-01-02",
          "report_name": "TSF, WSF or Dam As-built Report",
          "submission_year": 2020,
        },
        "report_name": "TSF, WSF or Dam As-built Report",
        "submission_year": 2020,
      },
      Object {
        "created_by_idir": "idir\\\\TEST",
        "documents": Array [],
        "due_date": "Mar 31 2020",
        "handleEditReport": undefined,
        "handleRemoveReport": undefined,
        "key": "92327cd3-eec0-4e18-b898-25539ac408e9",
        "mine_guid": "aa3cb08a-ee1b-4dc9-8bf6-f54eb7484d4d",
        "mine_name": "Abbott Inc",
        "mine_report_category": "Geotechnical, Tailings Storage Facility",
        "mine_report_definition_guid": "6eda0c36-8748-4072-83c9-0fcdf270d36f",
        "mine_report_guid": "92327cd3-eec0-4e18-b898-25539ac408e9",
        "mine_report_id": 125,
        "mine_report_status_code": null,
        "openEditReportModal": undefined,
        "permit_guid": "N/A",
        "received_date": null,
        "report": Object {
          "created_by_idir": "idir\\\\TEST",
          "due_date": "2020-03-31",
          "mine_guid": "aa3cb08a-ee1b-4dc9-8bf6-f54eb7484d4d",
          "mine_name": "Abbott Inc",
          "mine_report_category": Array [
            "GTC",
            "TSF",
          ],
          "mine_report_definition_guid": "6eda0c36-8748-4072-83c9-0fcdf270d36f",
          "mine_report_guid": "92327cd3-eec0-4e18-b898-25539ac408e9",
          "mine_report_id": 125,
          "mine_report_submissions": Array [],
          "permit_guid": null,
          "received_date": null,
          "report_name": "Annual DSI",
          "submission_year": 2020,
        },
        "report_name": "Annual DSI",
        "submission_year": 2020,
      },
    ]
  }
  tableProps={
    Object {
      "align": "left",
      "locale": Object {
        "emptyText": <NullScreen
          message=""
          type="reports"
        />,
      },
      "onChange": [Function],
      "pagination": false,
    }
  }
/>
`;
