// Jest Snapshot v1, https://goo.gl/fbAQLP

exports[`AddFullPartyForm renders properly 1`] = `
<div>
  <Form
    colon={true}
    hideRequiredMark={false}
    layout="horizontal"
    onSubmit={[Function]}
  >
    <Collapse
      accordion={true}
      activeKey={
        Array [
          undefined,
        ]
      }
      bordered={true}
    />
    <Button
      block={false}
      className="btn--dropdown"
      ghost={false}
      htmlType="button"
      loading={false}
      onClick={[Function]}
    >
      <ForwardRef(PlusOutlined)
        style={
          Object {
            "color": "#6b6363",
          }
        }
      />
      Add Role
    </Button>
  </Form>
</div>
`;
