// Jest Snapshot v1, https://goo.gl/fbAQLP

exports[`MineDocuments renders properly 1`] = `
<div
  className="tab__content"
>
  <div>
    <h2>
      Archived MMS Files
    </h2>
    <p>
      Archived MMS files are available on this page. These documents are read-only.
    </p>
    <Divider />
    <Connect(AmazonS3Provider)
      mineNumber="BLAH9091"
    />
  </div>
</div>
`;
