// Jest Snapshot v1, https://goo.gl/fbAQLP

exports[`IncidentsPage renders properly 1`] = `
<Fragment>
  <Row>
    <Col
      span={24}
    >
      <Title>
        Record a Mine Incident - mine3
      </Title>
    </Col>
  </Row>
  <Row>
    <Col
      span={24}
    >
      <Link
        to="/mines/5c654fe9-bce5-4ee4-891c-806c46266d54/incidents?"
      >
        <ForwardRef(ArrowLeftOutlined)
          className="padding-sm--right"
        />
        Back to All Incidents
      </Link>
    </Col>
  </Row>
  <br />
  <Row>
    <Col
      span={15}
    >
      <Title
        level={2}
      >
        Record New Mine Incident
      </Title>
    </Col>
    <Col
      span={9}
    >
      <div
        style={
          Object {
            "display": "inline",
            "float": "right",
          }
        }
      >
        <p>
          <LinkButton
            disabled={false}
            onClick={[Function]}
            style={
              Object {
                "marginRight": "15px",
              }
            }
            tabIndex={0}
            title="Save Draft"
          >
            Save Draft
          </LinkButton>
          <Link
            to="/mines/5c654fe9-bce5-4ee4-891c-806c46266d54/incidents?"
          >
            <Button
              block={false}
              ghost={false}
              htmlType="button"
              id="step1-cancel"
              loading={false}
              onClick={[Function]}
              style={
                Object {
                  "marginRight": "15px",
                }
              }
              type="secondary"
            >
              Cancel
            </Button>
          </Link>
          <Button
            block={false}
            ghost={false}
            htmlType="button"
            id="step1-next"
            loading={false}
            onClick={[Function]}
            type="primary"
          >
            Create Record
          </Button>
        </p>
      </div>
    </Col>
  </Row>
  <Row>
    <Steps
      current={0}
      style={
        Object {
          "marginLeft": "8%",
          "marginRight": "8%",
        }
      }
    >
      <Step
        key="Get Started"
        title="Get Started"
      />
      <Step
        key="Create Record"
        title="Create Record"
      />
      <Step
        key="Review & Submit"
        title="Review & Submit"
      />
    </Steps>
  </Row>
  <br />
  <Row>
    <Col
      span={24}
    >
      <div>
        <IncidentsGetStarted />
      </div>
    </Col>
  </Row>
  <Row>
    <Col
      span={24}
    >
      <div
        style={
          Object {
            "display": "inline",
            "float": "right",
          }
        }
      >
        <p>
          <LinkButton
            disabled={false}
            onClick={[Function]}
            style={
              Object {
                "marginRight": "15px",
              }
            }
            tabIndex={0}
            title="Save Draft"
          >
            Save Draft
          </LinkButton>
          <Link
            to="/mines/5c654fe9-bce5-4ee4-891c-806c46266d54/incidents?"
          >
            <Button
              block={false}
              ghost={false}
              htmlType="button"
              id="step1-cancel"
              loading={false}
              onClick={[Function]}
              style={
                Object {
                  "marginRight": "15px",
                }
              }
              type="secondary"
            >
              Cancel
            </Button>
          </Link>
          <Button
            block={false}
            ghost={false}
            htmlType="button"
            id="step1-next"
            loading={false}
            onClick={[Function]}
            type="primary"
          >
            Create Record
          </Button>
        </p>
      </div>
    </Col>
  </Row>
</Fragment>
`;
