// Jest Snapshot v1, https://goo.gl/fbAQLP

exports[`ViewVarianceModal renders properly 1`] = `
<div>
  <div
    className="inline-flex between block-tablet"
  >
    <div
      className="flex-tablet"
    >
      <p
        className="field-title"
      >
        Lead Inspector
      </p>
      <p>
        N/A
      </p>
    </div>
    <div
      className="flex-tablet"
    >
      <p
        className="field-title"
      >
        Application Status
      </p>
      <p />
    </div>
  </div>
  <br />
  <h5>
    Application details
  </h5>
  <VarianceDetails
    complianceCodesHash={Object {}}
    isViewOnly={true}
    mineName="Mock Mine"
    removeDocument={[Function]}
    variance={
      Object {
        "compliance_article_id": 1,
        "documents": Array [
          Object {
            "created_at": "2019-05-02",
            "document_manager_guid": "d7f64a25-6eaf-4bed-97fe-fd63ac347c70",
            "document_name": "test.pdf",
            "mine_document_guid": "33e6b965-2402-4229-a213-23bbe7fd3e99",
            "mine_guid": "59e73109-48f7-4ad2-977c-3005b5bff010",
          },
        ],
        "expiry_date": "2019-03-30",
        "issue_date": "2019-03-01",
        "note": "notesss",
        "received_date": "2019-03-01",
        "variance_guid": "0d3ec917-179f-4dbc-80a3-4c993fdfe596",
        "variance_no": 1,
      }
    }
    varianceDocumentCategoryOptionsHash={
      Object {
        "DEC": "Decision Document",
        "REC": "Recommendation Document",
        "REQ": "Request Document",
      }
    }
  />
  <div
    className="right center-mobile"
  >
    <Button
      block={false}
      className="full-mobile"
      ghost={false}
      htmlType="button"
      loading={false}
      onClick={[MockFunction]}
      type="secondary"
    >
      Close
    </Button>
  </div>
</div>
`;
