// Jest Snapshot v1, https://goo.gl/fbAQLP

exports[`InformationRequirementsTableTab renders properly 1`] = `
<div>
  <div
    class="ant-tabs ant-tabs-left ant-tabs-large now-tabs vertical-tabs"
  >
    <div
      class="ant-tabs-nav"
      role="tablist"
    >
      <div
        class="ant-tabs-nav-wrap"
      >
        <div
          class="ant-tabs-nav-list"
          style="transform: translate(0px, 0px);"
        >
          <div
            class="ant-tabs-tab ant-tabs-tab-active"
            data-node-key="intro-project-overview"
          >
            <div
              aria-controls="rc-tabs-test-panel-intro-project-overview"
              aria-selected="true"
              class="ant-tabs-tab-btn"
              id="rc-tabs-test-tab-intro-project-overview"
              role="tab"
              tabindex="0"
            >
              Introduction and Project Overview
            </div>
          </div>
          <div
            class="ant-tabs-tab"
            data-node-key="baseline-information"
          >
            <div
              aria-controls="rc-tabs-test-panel-baseline-information"
              aria-selected="false"
              class="ant-tabs-tab-btn"
              id="rc-tabs-test-tab-baseline-information"
              role="tab"
              tabindex="0"
            >
              Baseline Information
            </div>
          </div>
          <div
            class="ant-tabs-tab"
            data-node-key="mine-plan"
          >
            <div
              aria-controls="rc-tabs-test-panel-mine-plan"
              aria-selected="false"
              class="ant-tabs-tab-btn"
              id="rc-tabs-test-tab-mine-plan"
              role="tab"
              tabindex="0"
            >
              Mine Plan
            </div>
          </div>
          <div
            class="ant-tabs-tab"
            data-node-key="reclamation-closure-plan"
          >
            <div
              aria-controls="rc-tabs-test-panel-reclamation-closure-plan"
              aria-selected="false"
              class="ant-tabs-tab-btn"
              id="rc-tabs-test-tab-reclamation-closure-plan"
              role="tab"
              tabindex="0"
            >
              Reclamation Closure Plan
            </div>
          </div>
          <div
            class="ant-tabs-tab"
            data-node-key="modelling-mitigation-discharges"
          >
            <div
              aria-controls="rc-tabs-test-panel-modelling-mitigation-discharges"
              aria-selected="false"
              class="ant-tabs-tab-btn"
              id="rc-tabs-test-tab-modelling-mitigation-discharges"
              role="tab"
              tabindex="0"
            >
              Modelling Mitigation Discharges
            </div>
          </div>
          <div
            class="ant-tabs-tab"
            data-node-key="environmental-assessment-predictions"
          >
            <div
              aria-controls="rc-tabs-test-panel-environmental-assessment-predictions"
              aria-selected="false"
              class="ant-tabs-tab-btn"
              id="rc-tabs-test-tab-environmental-assessment-predictions"
              role="tab"
              tabindex="0"
            >
              Environmental Assessment Predictions
            </div>
          </div>
          <div
            class="ant-tabs-tab"
            data-node-key="environmental-monitoring"
          >
            <div
              aria-controls="rc-tabs-test-panel-environmental-monitoring"
              aria-selected="false"
              class="ant-tabs-tab-btn"
              id="rc-tabs-test-tab-environmental-monitoring"
              role="tab"
              tabindex="0"
            >
              Environmental Monitory
            </div>
          </div>
          <div
            class="ant-tabs-tab"
            data-node-key="health-safety"
          >
            <div
              aria-controls="rc-tabs-test-panel-health-safety"
              aria-selected="false"
              class="ant-tabs-tab-btn"
              id="rc-tabs-test-tab-health-safety"
              role="tab"
              tabindex="0"
            >
              Health Safety
            </div>
          </div>
          <div
            class="ant-tabs-tab"
            data-node-key="management-plan"
          >
            <div
              aria-controls="rc-tabs-test-panel-management-plan"
              aria-selected="false"
              class="ant-tabs-tab-btn"
              id="rc-tabs-test-tab-management-plan"
              role="tab"
              tabindex="0"
            >
              Management Plan
            </div>
          </div>
          <div
            class="ant-tabs-ink-bar ant-tabs-ink-bar-animated"
          />
        </div>
      </div>
      <div
        class="ant-tabs-nav-operations ant-tabs-nav-operations-hidden"
      >
        <button
          aria-controls="rc-tabs-test-more-popup"
          aria-expanded="false"
          aria-haspopup="listbox"
          aria-hidden="true"
          class="ant-tabs-nav-more"
          id="rc-tabs-test-more"
          style="visibility: hidden; order: 1;"
          tabindex="-1"
          type="button"
        >
          <span
            aria-label="ellipsis"
            class="anticon anticon-ellipsis"
            role="img"
          >
            <svg
              aria-hidden="true"
              data-icon="ellipsis"
              fill="currentColor"
              focusable="false"
              height="1em"
              viewBox="64 64 896 896"
              width="1em"
            >
              <path
                d="M176 511a56 56 0 10112 0 56 56 0 10-112 0zm280 0a56 56 0 10112 0 56 56 0 10-112 0zm280 0a56 56 0 10112 0 56 56 0 10-112 0z"
              />
            </svg>
          </span>
        </button>
      </div>
    </div>
    <div
      class="ant-tabs-content-holder"
    >
      <div
        class="ant-tabs-content ant-tabs-content-left"
      >
        <div
          aria-hidden="false"
          aria-labelledby="rc-tabs-test-tab-intro-project-overview"
          class="ant-tabs-tabpane ant-tabs-tabpane-active"
          id="rc-tabs-test-panel-intro-project-overview"
          role="tabpanel"
          tabindex="0"
        >
          <div>
            <form
              class="ant-legacy-form ant-legacy-form-vertical"
            >
              <div
                class="ant-col ant-col-24"
              >
                <div
                  class="ant-alert ant-alert-warning ant-alert-with-description"
                  data-show="true"
                  role="alert"
                >
                  <span
                    aria-label="exclamation-circle"
                    class="anticon anticon-exclamation-circle ant-alert-icon"
                    role="img"
                  >
                    <svg
                      aria-hidden="true"
                      data-icon="exclamation-circle"
                      fill="currentColor"
                      focusable="false"
                      height="1em"
                      viewBox="64 64 896 896"
                      width="1em"
                    >
                      <path
                        d="M512 64C264.6 64 64 264.6 64 512s200.6 448 448 448 448-200.6 448-448S759.4 64 512 64zm0 820c-205.4 0-372-166.6-372-372s166.6-372 372-372 372 166.6 372 372-166.6 372-372 372z"
                      />
                      <path
                        d="M464 688a48 48 0 1096 0 48 48 0 10-96 0zm24-112h48c4.4 0 8-3.6 8-8V296c0-4.4-3.6-8-8-8h-48c-4.4 0-8 3.6-8 8v272c0 4.4 3.6 8 8 8z"
                      />
                    </svg>
                  </span>
                  <div
                    class="ant-alert-content"
                  >
                    <div
                      class="ant-alert-message"
                    >
                      N/A
                    </div>
                    <div
                      class="ant-alert-description"
                    >
                      <div
                        class="ant-row"
                      >
                        <div
                          class="ant-col ant-col-xs-24 ant-col-md-18"
                        >
                          <p>
                            Final IRT was submitted by 
                             on
                             
                            , waiting for ministry review.
                          </p>
                          <b>
                            Please note that updating this status will notify the project proponent.
                          </b>
                        </div>
                        <div
                          class="ant-col ant-col-xs-24 ant-col-md-6"
                        >
                          <div
                            class="ant-row ant-legacy-form-item"
                          >
                            <div
                              class="ant-col ant-legacy-form-item-control-wrapper"
                            >
                              <div
                                class="ant-legacy-form-item-control"
                              >
                                <span
                                  class="ant-legacy-form-item-children"
                                >
                                  <div
                                    class="ant-row ant-legacy-form-item"
                                  >
                                    <div
                                      class="ant-col ant-legacy-form-item-control-wrapper"
                                    >
                                      <div
                                        class="ant-legacy-form-item-control"
                                      >
                                        <span
                                          class="ant-legacy-form-item-children"
                                        >
                                          <div
                                            class="ant-select ant-select-single ant-select-allow-clear ant-select-show-arrow ant-select-show-search"
                                          >
                                            <div
                                              class="ant-select-selector"
                                            >
                                              <span
                                                class="ant-select-selection-search"
                                              >
                                                <input
                                                  aria-activedescendant="status_code_list_0"
                                                  aria-autocomplete="list"
                                                  aria-controls="status_code_list"
                                                  aria-haspopup="listbox"
                                                  aria-owns="status_code_list"
                                                  autocomplete="off"
                                                  class="ant-select-selection-search-input"
                                                  id="status_code"
                                                  role="combobox"
                                                  type="search"
                                                  value=""
                                                />
                                              </span>
                                              <span
                                                class="ant-select-selection-placeholder"
                                              >
                                                Action
                                              </span>
                                            </div>
                                            <span
                                              aria-hidden="true"
                                              class="ant-select-arrow"
                                              style="user-select: none;"
                                              unselectable="on"
                                            >
                                              <span
                                                aria-label="down"
                                                class="anticon anticon-down ant-select-suffix"
                                                role="img"
                                              >
                                                <svg
                                                  aria-hidden="true"
                                                  data-icon="down"
                                                  fill="currentColor"
                                                  focusable="false"
                                                  height="1em"
                                                  viewBox="64 64 896 896"
                                                  width="1em"
                                                >
                                                  <path
                                                    d="M884 256h-75c-5.1 0-9.9 2.5-12.9 6.6L512 654.2 227.9 262.6c-3-4.1-7.8-6.6-12.9-6.6h-75c-6.5 0-10.3 7.4-6.5 12.7l352.6 486.1c12.8 17.6 39 17.6 51.7 0l352.6-486.1c3.9-5.3.1-12.7-6.4-12.7z"
                                                  />
                                                </svg>
                                              </span>
                                            </span>
                                          </div>
                                        </span>
                                      </div>
                                    </div>
                                  </div>
                                </span>
                              </div>
                            </div>
                          </div>
                        </div>
                      </div>
                    </div>
                  </div>
                </div>
              </div>
            </form>
            <div
              id="loading-screen"
            >
              <div
                aria-busy="true"
                aria-live="polite"
                class="ant-spin ant-spin-spinning"
              >
                <span
                  aria-label="loading"
                  class="anticon anticon-loading loader loader-color ant-spin-dot"
                  role="img"
                  style="font-size: 170px; margin-top: 70px;"
                >
                  <svg
                    aria-hidden="true"
                    class="anticon-spin"
                    data-icon="loading"
                    fill="currentColor"
                    focusable="false"
                    height="1em"
                    viewBox="0 0 1024 1024"
                    width="1em"
                  >
                    <path
                      d="M988 548c-19.9 0-36-16.1-36-36 0-59.4-11.6-117-34.6-171.3a440.45 440.45 0 00-94.3-139.9 437.71 437.71 0 00-139.9-94.3C629 83.6 571.4 72 512 72c-19.9 0-36-16.1-36-36s16.1-36 36-36c69.1 0 136.2 13.5 199.3 40.3C772.3 66 827 103 874 150c47 47 83.9 101.8 109.7 162.7 26.7 63.1 40.2 130.2 40.2 199.3.1 19.9-16 36-35.9 36z"
                    />
                  </svg>
                </span>
              </div>
            </div>
          </div>
        </div>
      </div>
    </div>
  </div>
</div>
`;
