// Jest Snapshot v1, https://goo.gl/fbAQLP

exports[`InformationRequirementsTableTab renders properly 1`] = `
<div
  className="page"
>
  <div
    className=" padding-lg view--header"
  >
    <h1>
      Test Project Title
      <span
        className="padding-sm--left"
      >
        <Tag
          title="Mine: Sample Mine"
        >
          <Link
            disabled={false}
            style={
              Object {
                "textDecoration": "none",
              }
            }
            to="/mine-dashboard/40fb0ca4-4dfb-4660-a184-6d031a21f3e9/mine-information/general"
          >
            <ForwardRef(EnvironmentOutlined)
              className="padding-sm--right"
            />
            Sample Mine
          </Link>
        </Tag>
      </span>
    </h1>
    <Link
      to="/pre-applications/35633148-57f8-4967-be35-7f89abfbd02e/overview"
    >
      <ForwardRef(ArrowLeftOutlined)
        className="padding-sm--right"
      />
      Back to: 
      Sample Mine
       Project overview
    </Link>
    <Tabs
      animated={
        Object {
          "inkBar": true,
          "tabPane": false,
        }
      }
      centered={true}
      className="now-tabs"
      size="large"
      style={
        Object {
          "margin": "0",
        }
      }
    >
      <TabPane
        key="irt"
        tab="IRT"
      />
    </Tabs>
  </div>
  <div>
    <Tabs
      activeKey="intro-project-overview"
      animated={
        Object {
          "inkBar": true,
          "tabPane": false,
        }
      }
      className="now-tabs vertical-tabs"
      onChange={[Function]}
      size="large"
      tabPosition="left"
    >
      <TabPane
        className="vertical-tabs--tabpane"
        key="intro-project-overview"
        tab="Introduction and Project Overview"
      >
        <div>
          <Connect(ReduxForm)
            displayValues={
              Object {
                "informationRequirementsTableStatusCodesHash": undefined,
                "statusCode": undefined,
                "updateDate": undefined,
                "updateUser": undefined,
              }
            }
            handleSubmit={[Function]}
            initialValues={
              Object {
                "status_code": undefined,
              }
            }
          />
          <ReviewInformationRequirementsTable
            requirements={
              Object {
                "deleted_ind": false,
                "description": "Introduction and Project Overview",
                "display_order": 1,
                "parent_requirement_id": null,
                "requirement_guid": "d9996a84-30b0-4de6-b171-c959bdae0e3f",
                "requirement_id": 1,
                "step": "1.",
                "sub_requirements": Array [
                  Object {
                    "deleted_ind": false,
                    "description": "Project Overview",
                    "display_order": 3,
                    "parent_requirement_id": 1,
                    "requirement_guid": "56e58309-9f63-401c-b26d-bfdc867ebe5c",
                    "requirement_id": 12,
                    "step": "1.3.",
                    "sub_requirements": Array [
                      Object {
                        "deleted_ind": false,
                        "description": "Project History",
                        "display_order": 1,
                        "parent_requirement_id": 12,
                        "requirement_guid": "9e43699d-da0c-49e4-849e-18fc74d33a4f",
                        "requirement_id": 78,
                        "step": "1.3.1.",
                        "sub_requirements": Array [],
                      },
                    ],
                  },
                  Object {
                    "deleted_ind": false,
                    "description": "Regulatory Framework",
                    "display_order": 4,
                    "parent_requirement_id": 1,
                    "requirement_guid": "808a2f93-9774-49ae-bc85-82be8ce3ea2f",
                    "requirement_id": 13,
                    "step": "1.4.",
                    "sub_requirements": Array [],
                  },
                ],
              }
            }
          />
        </div>
      </TabPane>
      <TabPane
        className="vertical-tabs--tabpane"
        key="baseline-information"
        tab="Baseline Information"
      >
        <div>
          <Connect(ReduxForm)
            displayValues={
              Object {
                "informationRequirementsTableStatusCodesHash": undefined,
                "statusCode": undefined,
                "updateDate": undefined,
                "updateUser": undefined,
              }
            }
            handleSubmit={[Function]}
            initialValues={
              Object {
                "status_code": undefined,
              }
            }
          />
          <ReviewInformationRequirementsTable />
        </div>
      </TabPane>
      <TabPane
        className="vertical-tabs--tabpane"
        key="mine-plan"
        tab="Mine Plan"
      >
        <div>
          <Connect(ReduxForm)
            displayValues={
              Object {
                "informationRequirementsTableStatusCodesHash": undefined,
                "statusCode": undefined,
                "updateDate": undefined,
                "updateUser": undefined,
              }
            }
            handleSubmit={[Function]}
            initialValues={
              Object {
                "status_code": undefined,
              }
            }
          />
          <ReviewInformationRequirementsTable />
        </div>
      </TabPane>
      <TabPane
        className="vertical-tabs--tabpane"
        key="reclamation-closure-plan"
        tab="Reclamation Closure Plan"
      >
        <div>
          <Connect(ReduxForm)
            displayValues={
              Object {
                "informationRequirementsTableStatusCodesHash": undefined,
                "statusCode": undefined,
                "updateDate": undefined,
                "updateUser": undefined,
              }
            }
            handleSubmit={[Function]}
            initialValues={
              Object {
                "status_code": undefined,
              }
            }
          />
          <ReviewInformationRequirementsTable />
        </div>
      </TabPane>
      <TabPane
        className="vertical-tabs--tabpane"
        key="modelling-mitigation-discharges"
        tab="Modelling Mitigation Discharges"
      >
        <div>
          <Connect(ReduxForm)
            displayValues={
              Object {
                "informationRequirementsTableStatusCodesHash": undefined,
                "statusCode": undefined,
                "updateDate": undefined,
                "updateUser": undefined,
              }
            }
            handleSubmit={[Function]}
            initialValues={
              Object {
                "status_code": undefined,
              }
            }
          />
          <ReviewInformationRequirementsTable />
        </div>
      </TabPane>
      <TabPane
        className="vertical-tabs--tabpane"
        key="environmental-assessment-predictions"
        tab="Environmental Assessment Predictions"
      >
        <div>
          <Connect(ReduxForm)
            displayValues={
              Object {
                "informationRequirementsTableStatusCodesHash": undefined,
                "statusCode": undefined,
                "updateDate": undefined,
                "updateUser": undefined,
              }
            }
            handleSubmit={[Function]}
            initialValues={
              Object {
                "status_code": undefined,
              }
            }
          />
          <ReviewInformationRequirementsTable />
        </div>
      </TabPane>
      <TabPane
        className="vertical-tabs--tabpane"
        key="environmental-monitoring"
        tab="Environmental Monitory"
      >
        <div>
          <Connect(ReduxForm)
            displayValues={
              Object {
                "informationRequirementsTableStatusCodesHash": undefined,
                "statusCode": undefined,
                "updateDate": undefined,
                "updateUser": undefined,
              }
            }
            handleSubmit={[Function]}
            initialValues={
              Object {
                "status_code": undefined,
              }
            }
          />
          <ReviewInformationRequirementsTable />
        </div>
      </TabPane>
      <TabPane
        className="vertical-tabs--tabpane"
        key="health-safety"
        tab="Health Safety"
      >
        <div>
          <Connect(ReduxForm)
            displayValues={
              Object {
                "informationRequirementsTableStatusCodesHash": undefined,
                "statusCode": undefined,
                "updateDate": undefined,
                "updateUser": undefined,
              }
            }
            handleSubmit={[Function]}
            initialValues={
              Object {
                "status_code": undefined,
              }
            }
          />
          <ReviewInformationRequirementsTable />
        </div>
      </TabPane>
      <TabPane
        className="vertical-tabs--tabpane"
        key="management-plan"
        tab="Management Plan"
      >
        <div>
          <Connect(ReduxForm)
            displayValues={
              Object {
                "informationRequirementsTableStatusCodesHash": undefined,
                "statusCode": undefined,
                "updateDate": undefined,
                "updateUser": undefined,
              }
            }
            handleSubmit={[Function]}
            initialValues={
              Object {
                "status_code": undefined,
              }
            }
          />
          <ReviewInformationRequirementsTable />
        </div>
      </TabPane>
    </Tabs>
  </div>
</div>
`;
