// Jest Snapshot v1, https://goo.gl/fbAQLP

exports[`ChangeNOWMineForm renders properly 1`] = `
<Form
  colon={true}
  hideRequiredMark={false}
  layout="vertical"
  onSubmit={[MockFunction]}
>
  <Row
    gutter={16}
  >
    <Col>
      <FormItem
        hasFeedback={false}
      >
        <Field
          component={
            Object {
              "$$typeof": Symbol(react.memo),
              "WrappedComponent": [Function],
              "compare": null,
              "displayName": "Connect(RenderMineSelect)",
              "type": [Function],
            }
          }
          id="mine_guid"
          name="mine_guid"
          showCard={true}
          validate={
            Array [
              [Function],
            ]
          }
        />
      </FormItem>
    </Col>
  </Row>
  <div
    className="right center-mobile"
  >
    <Popconfirm
      cancelText="No"
      disabled={false}
      icon={
        <Icon
          theme="filled"
          type="exclamation-circle"
        />
      }
      okText="Yes"
      okType="primary"
      onConfirm={[MockFunction]}
      placement="topRight"
      title="Are you sure you want to cancel?"
      transitionName="zoom-big"
      trigger="click"
    >
      <Button
        block={false}
        className="full-mobile"
        ghost={false}
        htmlType="button"
        loading={false}
        type="secondary"
      >
        Cancel
      </Button>
    </Popconfirm>
    <Button
      block={false}
      className="full-mobile"
      disabled={false}
      ghost={false}
      htmlType="submit"
      loading={false}
      type="primary"
    >
      mockTitle
    </Button>
  </div>
</Form>
`;
