// Jest Snapshot v1, https://goo.gl/fbAQLP

exports[`MinistryContactItem renders properly 1`] = `
Object {
  "asFragment": [Function],
  "baseElement": <body>
    <div>
      <div
        class="ant-typography ministry-contact-item"
      >
        <span
          class="ant-typography ministry-contact-title"
        >
          <strong>
            Senior Permitting Inspector
            <br />
          </strong>
        </span>
        <span
          class="ant-typography"
        >
          John
           
          Doe
          <br />
        </span>
        <span
          class="ant-typography"
        >
          123-456-7890
          <br />
        </span>
        <span
          class="ant-typography"
        >
          <a
            href="mailto:johndoe@example.com"
          >
            johndoe@example.com
          </a>
          <br />
        </span>
      </div>
    </div>
  </body>,
  "container": <div>
    <div
      class="ant-typography ministry-contact-item"
    >
      <span
        class="ant-typography ministry-contact-title"
      >
        <strong>
          Senior Permitting Inspector
          <br />
        </strong>
      </span>
      <span
        class="ant-typography"
      >
        John
         
        Doe
        <br />
      </span>
      <span
        class="ant-typography"
      >
        123-456-7890
        <br />
      </span>
      <span
        class="ant-typography"
      >
        <a
          href="mailto:johndoe@example.com"
        >
          johndoe@example.com
        </a>
        <br />
      </span>
    </div>
  </div>,
  "debug": [Function],
  "findAllByAltText": [Function],
  "findAllByDisplayValue": [Function],
  "findAllByLabelText": [Function],
  "findAllByPlaceholderText": [Function],
  "findAllByRole": [Function],
  "findAllByTestId": [Function],
  "findAllByText": [Function],
  "findAllByTitle": [Function],
  "findByAltText": [Function],
  "findByDisplayValue": [Function],
  "findByLabelText": [Function],
  "findByPlaceholderText": [Function],
  "findByRole": [Function],
  "findByTestId": [Function],
  "findByText": [Function],
  "findByTitle": [Function],
  "getAllByAltText": [Function],
  "getAllByDisplayValue": [Function],
  "getAllByLabelText": [Function],
  "getAllByPlaceholderText": [Function],
  "getAllByRole": [Function],
  "getAllByTestId": [Function],
  "getAllByText": [Function],
  "getAllByTitle": [Function],
  "getByAltText": [Function],
  "getByDisplayValue": [Function],
  "getByLabelText": [Function],
  "getByPlaceholderText": [Function],
  "getByRole": [Function],
  "getByTestId": [Function],
  "getByText": [Function],
  "getByTitle": [Function],
  "queryAllByAltText": [Function],
  "queryAllByDisplayValue": [Function],
  "queryAllByLabelText": [Function],
  "queryAllByPlaceholderText": [Function],
  "queryAllByRole": [Function],
  "queryAllByTestId": [Function],
  "queryAllByText": [Function],
  "queryAllByTitle": [Function],
  "queryByAltText": [Function],
  "queryByDisplayValue": [Function],
  "queryByLabelText": [Function],
  "queryByPlaceholderText": [Function],
  "queryByRole": [Function],
  "queryByTestId": [Function],
  "queryByText": [Function],
  "queryByTitle": [Function],
  "rerender": [Function],
  "unmount": [Function],
}
`;
