// Jest Snapshot v1, https://goo.gl/fbAQLP

exports[`RenderMineSelect renders properly 1`] = `
<div>
  <RenderAutoComplete
    additionalPin={Array []}
    data={Array []}
    disabled={false}
    fetchMineNameList={[MockFunction]}
    fullWidth={true}
    handleChange={[Function]}
    handleSelect={[Function]}
    id="1"
    input=""
    label=""
    majorMineOnly={false}
    meta={
      Object {
        "error": false,
        "touched": false,
        "warning": false,
      }
    }
    mineNameList={Array []}
    name="field"
    onMineSelect={[MockFunction]}
    option={
      Object {
        "18133c75-49ad-4101-85f3-a43e35ae989a": Object {
          "address": Array [
            Object {},
          ],
          "business_role_appts": Array [
            Object {},
          ],
          "party_guid": "18133c75-49ad-4101-85f3-a43e35ae989a",
          "party_name": "mock name",
          "party_type_code": "PER",
        },
        "18145c75-49ad-0101-85f3-a43e45ae989a": Object {
          "address": Array [
            Object {},
          ],
          "business_role_appts": Array [
            Object {},
          ],
          "party_guid": "18145c75-49ad-0101-85f3-a43e45ae989a",
          "party_name": "mock Two",
          "party_type_code": "PER",
        },
      }
    }
    placeholder="Search for a mine by name"
    type=""
  />
  <div
    style={
      Object {
        "height": "inherit",
        "position": "relative",
        "width": "93vw",
      }
    }
  >
    <LoadingWrapper
      condition={false}
    >
      <Connect(MineCard)
        additionalPin={Array []}
        mine={false}
      />
    </LoadingWrapper>
  </div>
</div>
`;
