// Jest Snapshot v1, https://goo.gl/fbAQLP

exports[`RenderAutoSizeField renders properly 1`] = `
<FormItem
  hasFeedback={false}
  help={false}
  label=""
  placeholder=""
  validateStatus=""
>
  <TextArea
    autoSize={
      Object {
        "minRows": 4,
      }
    }
    disabled={false}
    id={1}
    placeholder=""
  />
</FormItem>
`;
