// Jest Snapshot v1, https://goo.gl/fbAQLP

exports[`ScrollSideMenu renders properly 1`] = `
<ContextConsumer>
  <Component />
</ContextConsumer>
`;
