// Jest Snapshot v1, https://goo.gl/fbAQLP

exports[`AddPartyRelationshipForm renders properly 1`] = `
<Form
  colon={true}
  hideRequiredMark={false}
  layout="vertical"
  onSubmit={[Function]}
>
  <Row
    gutter={16}
  >
    <Col
      md={24}
      xs={24}
    >
      <FormItem
        hasFeedback={false}
      >
        <Connect(PartySelectField)
          allowAddingParties={true}
          id="party_guid"
          name="party_guid"
          onSelect={[Function]}
          validate={
            Array [
              [Function],
            ]
          }
        />
      </FormItem>
    </Col>
  </Row>
  <Row
    gutter={16}
  >
    <Col
      md={12}
      xs={24}
    >
      <FormItem
        hasFeedback={false}
      >
        <Field
          component={[Function]}
          id="start_date"
          label="* Start Date"
          name="start_date"
          placeholder="yyyy-mm-dd"
          validate={
            Array [
              [Function],
            ]
          }
        />
      </FormItem>
    </Col>
    <Col
      md={12}
      xs={24}
    >
      <FormItem
        hasFeedback={false}
      >
        <Field
          component={[Function]}
          id="end_date"
          label="End Date"
          name="end_date"
          placeholder="yyyy-mm-dd"
        />
      </FormItem>
    </Col>
  </Row>
  <Row
    gutter={16}
  >
    <Col
      md={12}
      xs={24}
    />
  </Row>
  <Row
    gutter={16}
  >
    <Col
      span={24}
    >
      <div />
      <div>
        <h4>
          Mine Manager Appointment Letter
        </h4>
        <FormItem
          hasFeedback={false}
        >
          <Field
            component={[Function]}
            id="PartyRelationshipFileUpload"
            name="PartyRelationshipFileUpload"
          />
        </FormItem>
      </div>
    </Col>
  </Row>
  <div
    className="right center-mobile"
  >
    <ForwardRef
      cancelText="No"
      disabled={false}
      okText="Yes"
      placement="topRight"
      title="Are you sure you want to cancel?"
    >
      <Button
        className="full-mobile"
        disabled={false}
        type="secondary"
      >
        Cancel
      </Button>
    </ForwardRef>
    <Button
      className="full-mobile"
      htmlType="submit"
      loading={false}
      type="primary"
    />
  </div>
</Form>
`;
