// Jest Snapshot v1, https://goo.gl/fbAQLP

exports[`LandingPage renders properly 1`] = `
<div>
  <Row
    align="top"
    className="landing-header"
    gutter={64}
    justify="center"
  >
    <Col
      xl={
        Object {
          "span": 24,
        }
      }
      xxl={
        Object {
          "span": 20,
        }
      }
    >
      <ForwardRef>
        Welcome to MineSpace
      </ForwardRef>
      <ForwardRef
        className="header-text"
      >
        Manage applications, see inspection histories, submit reports, and more.
      </ForwardRef>
      <div>
        <LoginButton
          className="login"
        />
        <AuthorizationWrapper
          inTesting={true}
        >
          <Button
            className="login"
            size="large"
            type="primary"
          >
            <a
              href="<URL>http://localhostundefined/return-page?type=login&kc_idp_hint=ms-verifiable-credential"
            >
              Log in with Verifiable Credentials
            </a>
          </Button>
        </AuthorizationWrapper>
      </div>
    </Col>
  </Row>
  <Row
    align="top"
    className="landing-section"
    gutter={64}
    justify="center"
  >
    <Col
      sm={
        Object {
          "span": 24,
        }
      }
      xl={
        Object {
          "span": 12,
        }
      }
      xxl={
        Object {
          "span": 10,
        }
      }
    >
      <ForwardRef
        level={4}
      >
        What is MineSpace?
      </ForwardRef>
      <ForwardRef>
        The
         
        <ForwardRef(Text)
          strong={true}
        >
          Ministry of Energy, Mines and Low Carbon Innovation
        </ForwardRef(Text)>
         
        is developing a system to make it easier for the public, industry and government to see what's happening in the mining industry across British Columbia. The system is called 
        <ForwardRef(Text)
          strong={true}
        >
          Mines Digital Services (MDS)
        </ForwardRef(Text)>
        .
      </ForwardRef>
      <ForwardRef>
        <ForwardRef(Text)
          strong={true}
        >
          MineSpace
        </ForwardRef(Text)>
         is part of the MDS system, developed specifically for industry. It is intended to make it easier for businesses to manage applications, see their inspection history and submit reports.
      </ForwardRef>
      <ForwardRef>
        This system is being developed iteratively and with input from people who operate mines across B.C.
      </ForwardRef>
      <ForwardRef
        level={4}
      >
        What can I do in MineSpace?
      </ForwardRef>
      <ul
        className="landing-list"
      >
        <li>
          Upload any report specified in the Health, Safety and Reclamation Code
        </li>
        <li>
          View all code variances granted to and incidents reported by your mine
        </li>
        <li>
          View your mine permit and amendment history
        </li>
        <li>
          See all the contacts the Ministry has on file for your mine
        </li>
        <li>
          Find important Ministry contacts
        </li>
      </ul>
      <ForwardRef />
    </Col>
    <Col
      sm={
        Object {
          "span": 24,
        }
      }
      xl={
        Object {
          "span": 12,
        }
      }
      xxl={
        Object {
          "span": 10,
        }
      }
    >
      <ForwardRef
        level={4}
      >
        How do I get access?
      </ForwardRef>
      <ForwardRef>
        You must have a 
        <ForwardRef(Text)
          strong={true}
        >
          Business or Basic BCeID
        </ForwardRef(Text)>
         and then contact us to request access to MineSpace.
      </ForwardRef>
      <ForwardRef
        strong={true}
      >
        If you have a BCeID:
      </ForwardRef>
      <ForwardRef>
        Contact us at 
        <a
          href="mailto:mds@gov.bc.ca"
        >
          mds@gov.bc.ca
        </a>
         to request access to MineSpace.
      </ForwardRef>
      <ForwardRef
        strong={true}
      >
        If you have multiple employees who need to use MineSpace:
      </ForwardRef>
      <ForwardRef>
        <ForwardRef(Text)>
          1. Add them to your Business BCeID
        </ForwardRef(Text)>
        <br />
        <ForwardRef(Text)>
          2. Let us know you want them to be able to access MineSpace
        </ForwardRef(Text)>
      </ForwardRef>
      <ForwardRef
        level={4}
      >
        Don't have a BCeID?
      </ForwardRef>
      <ForwardRef>
        In order to access MineSpace, you need to register for a Business or Basic BCeID. It can take several weeks to process the request, so give yourself plenty of lead time.
      </ForwardRef>
      <ForwardRef>
        Once you have your BCeID, you can add employees and delegates. You can request that anyone added to your Business BCeID account be given access to MineSpace.
      </ForwardRef>
      <Row
        justify="center"
      >
        <Col
          span={24}
        >
          <a
            href="https://www.bceid.ca/register/business/getting_started/getting_started.aspx"
            rel="noopener noreferrer"
            target="_blank"
          >
            <Button
              size="large"
              type="primary"
            >
              Get a BCeID
            </Button>
          </a>
        </Col>
      </Row>
    </Col>
  </Row>
  <Row
    align="top"
    className="landing-section"
    gutter={64}
    justify="center"
  >
    <Col
      sm={
        Object {
          "span": 24,
        }
      }
      xl={
        Object {
          "span": 12,
        }
      }
      xxl={
        Object {
          "span": 10,
        }
      }
    >
      <ForwardRef
        title="Questions?"
      >
        <Row>
          <Col
            span={24}
          >
            <ForwardRef>
              Please let us know about any questions or comments you have regarding your experience using MineSpace.
            </ForwardRef>
            <ForwardRef>
              Email us at 
              <a
                href="mailto:mds@gov.bc.ca"
              >
                mds@gov.bc.ca
              </a>
              .
            </ForwardRef>
          </Col>
        </Row>
      </ForwardRef>
    </Col>
  </Row>
</div>
`;
